// Jest Snapshot v1, https://goo.gl/fbAQLP

exports[`import-with-module-exports 1`] = `
"var __MIX_IMPORT_MODULE_EXPORTS__;

import * as A from 'a';
// ...
__MIX_IMPORT_MODULE_EXPORTS__ = A;
export default __MIX_IMPORT_MODULE_EXPORTS__;"
`;
