// Jest Snapshot v1, https://goo.gl/fbAQLP

exports[`no-import-just-module-exports 1`] = `
"
const A = require('a');
// ...
module.exports = A;"
`;
